<html>
<body>
<pre>
<h1>µVision Build Log</h1>
<h2>Tool Versions:</h2>
IDE-Version: ¶ÃVision V5.14.0.0
Copyright (C) 2015 ARM Ltd and ARM Germany GmbH. All rights reserved.
License Information: lzp lzp, lzp, LIC=EXJT4-F6UY6-GKHBG-VX571-94MUM-A4S9N
 
Tool Versions:
Toolchain:       MDK-ARM Standard  Version: 5.14.0.0
Toolchain Path:  C:\LZP\Tool\Keil_v5\ARM\ARMCC\Bin
C Compiler:      Armcc.exe V5.05 update 1 (build 106)
Assembler:       Armasm.exe V5.05 update 1 (build 106)
Linker/Locator:  ArmLink.exe V5.05 update 1 (build 106)
Library Manager: ArmAr.exe V5.05 update 1 (build 106)
Hex Converter:   FromElf.exe V5.05 update 1 (build 106)
CPU DLL:         SARMCM3.DLL V5.14.0.0
Dialog DLL:      DCM.DLL V1.13.1.0
Target DLL:      STLink\ST-LINKIII-KEIL_SWO.dll V2.0.14.0_KEIL
Dialog DLL:      TCM.DLL V1.14.4.0
 
<h2>Project:</h2>
C:\Users\94186\Desktop\RFID…‰∆µ\USER\templete.uvprojx
Project File Date:  06/07/2020

<h2>Output:</h2>
Rebuild target 'Target 1'
assembling startup_stm32f10x_hd.s...
compiling delay.c...
compiling sys.c...
compiling usart.c...
compiling main.c...
compiling output.c...
compiling rc522.c...
compiling SPI2.c...
compiling led.c...
compiling store.c...
compiling beep.c...
linking...
Program Size: Code=6182 RO-data=394 RW-data=24 ZI-data=1880  
FromELF: creating hex file...
"..\OBJ\templete.axf" - 0 Error(s), 0 Warning(s).

<h2>Collection of Component include folders:</h2>
  C:\Users\94186\Desktop\RFID…‰∆µ\USER\RTE
  C:\LZP\Tool\Keil_v5\ARM\PACK\Keil\STM32F1xx_DFP\1.0.5\Device\Include

<h2>Collection of Component Files used:</h2>
</pre>
</body>
</html>
